                                        PAYROLL SIMULATOR                                                                           

                                                                                                                                                  ID        EMPLOYEE NAME            HOURS          RATE           GROSS PAY                                            
                                                                                                                                              89685   Robert Jones              24.94      57.62     $  1,437.04                                                                  
4517   0Thomas French            27.00      68.90     $  1,860.30                                                                  6
719   86Ronald Bradley          48.00      17.00     $    816.00                                                                  05
68   085Joshua Alexander       48.00       0.95     $     45.60                                                                  .00
5   4028Amy Mitchell MD        3.00       8.51     $     25.53                                                                  6.36
   40642Thomas Pineda         0.00      34.11     $      0.00                                                                  39.48   
95062Christine Garc       0.00      27.07     $      0.00                                                                  069.4   6
81510Deborah Lloyd       0.00      40.90     $      0.00                                                                  0022.   42
79586Andrew Davis       0.00      23.00     $      0.00                                                                  78054   .97
03994Steven Hill       0.00      31.00     $      0.00                                                                  .7307   1.39
3994Steven Hill       0.00      31.00     $      0.00                                                        
